// Jest Snapshot v1, https://goo.gl/fbAQLP

exports[`IAM Resource Stack 1`] = `
Object {
  "Resources": Object {
    "changePassword30BB1E33": Object {
      "Properties": Object {
        "Groups": Array [
          Object {
            "Ref": "testAdminGroupA356E014",
          },
          Object {
            "Ref": "testDevGroup93FABFEE",
          },
        ],
        "PolicyDocument": Object {
          "Statement": Array [
            Object {
              "Action": "iam:ChangePassword",
              "Effect": "Allow",
              "Resource": "arn:aws:iam::account-id-without-hyphens:user/\${aws:username}",
            },
            Object {
              "Action": "iam:GetAccountPasswordPolicy",
              "Effect": "Allow",
              "Resource": "*",
            },
          ],
          "Version": "2012-10-17",
        },
        "PolicyName": "changePassword",
      },
      "Type": "AWS::IAM::Policy",
    },
    "demo01B48C8159": Object {
      "Properties": Object {
        "Groups": Array [
          Object {
            "Ref": "testAdminGroupA356E014",
          },
        ],
        "UserName": "demo01",
      },
      "Type": "AWS::IAM::User",
    },
    "demo02CD55601F": Object {
      "Properties": Object {
        "Groups": Array [
          Object {
            "Ref": "testDevGroup93FABFEE",
          },
        ],
        "UserName": "demo02",
      },
      "Type": "AWS::IAM::User",
    },
    "demo03EEE263E8": Object {
      "Properties": Object {
        "Groups": Array [
          Object {
            "Ref": "testDevGroup93FABFEE",
          },
        ],
        "UserName": "demo03",
      },
      "Type": "AWS::IAM::User",
    },
    "iamPassRoleAccessD553F35C": Object {
      "Properties": Object {
        "Groups": Array [
          Object {
            "Ref": "testDevGroup93FABFEE",
          },
        ],
        "PolicyDocument": Object {
          "Statement": Array [
            Object {
              "Action": Array [
                "iam:Get*",
                "iam:List*",
                "iam:PassRole",
              ],
              "Effect": "Allow",
              "Resource": "*",
            },
          ],
          "Version": "2012-10-17",
        },
        "PolicyName": "iamPassRoleAccess",
      },
      "Type": "AWS::IAM::Policy",
    },
    "testAdminGroupA356E014": Object {
      "Properties": Object {
        "GroupName": "testAdminGroup",
        "ManagedPolicyArns": Array [
          Object {
            "Fn::Join": Array [
              "",
              Array [
                "arn:",
                Object {
                  "Ref": "AWS::Partition",
                },
                ":iam::aws:policy/AdministratorAccess",
              ],
            ],
          },
        ],
      },
      "Type": "AWS::IAM::Group",
    },
    "testDevGroup93FABFEE": Object {
      "Properties": Object {
        "GroupName": "testDevGroup",
        "ManagedPolicyArns": Array [
          Object {
            "Fn::Join": Array [
              "",
              Array [
                "arn:",
                Object {
                  "Ref": "AWS::Partition",
                },
                ":iam::aws:policy/PowerUserAccess",
              ],
            ],
          },
        ],
      },
      "Type": "AWS::IAM::Group",
    },
  },
}
`;
